This is pdfTeX, Version 3.141592653-2.6-1.40.27 (MiKTeX 25.4) (preloaded format=pdflatex 2025.9.26)  10 DEC 2025 19:25
entering extended mode
 restricted \write18 enabled.
 file:line:error style messages enabled.
 %&-line parsing enabled.
**c:/Users/andre/Desktop/2CS_DAM/SGestionEmpresarial/Practica2_Implementacion_Odoo/Practica4_Modulos/Documentacion/documentacion1_4.tex
(c:/Users/andre/Desktop/2CS_DAM/SGestionEmpresarial/Practica2_Implementacion_Odoo/Practica4_Modulos/Documentacion/documentacion1_4.tex
LaTeX2e <2025-06-01> patch level 1
L3 programming layer <2025-09-02>
(C:\Users\andre\AppData\Local\Programs\MiKTeX\tex/latex/base\article.cls
Document Class: article 2025/01/22 v1.4n Standard LaTeX document class
(C:\Users\andre\AppData\Local\Programs\MiKTeX\tex/latex/base\size12.clo
File: size12.clo 2025/01/22 v1.4n Standard LaTeX file (size option)
)
\c@part=\count275
\c@section=\count276
\c@subsection=\count277
\c@subsubsection=\count278
\c@paragraph=\count279
\c@subparagraph=\count280
\c@figure=\count281
\c@table=\count282
\abovecaptionskip=\skip49
\belowcaptionskip=\skip50
\bibindent=\dimen148
) (C:\Users\andre\AppData\Local\Programs\MiKTeX\tex/latex/base\inputenc.sty
Package: inputenc 2024/02/08 v1.3d Input encoding file
\inpenc@prehook=\toks17
\inpenc@posthook=\toks18
) (C:\Users\andre\AppData\Local\Programs\MiKTeX\tex/latex/base\fontenc.sty
Package: fontenc 2024/12/21 v2.1c Standard LaTeX package
) (C:\Users\andre\AppData\Local\Programs\MiKTeX\tex/latex/graphics\graphicx.sty
Package: graphicx 2024/12/31 v1.2e Enhanced LaTeX Graphics (DPC,SPQR)
 (C:\Users\andre\AppData\Local\Programs\MiKTeX\tex/latex/graphics\keyval.sty
Package: keyval 2022/05/29 v1.15 key=value parser (DPC)
\KV@toks@=\toks19
) (C:\Users\andre\AppData\Local\Programs\MiKTeX\tex/latex/graphics\graphics.sty
Package: graphics 2024/08/06 v1.4g Standard LaTeX Graphics (DPC,SPQR)
 (C:\Users\andre\AppData\Local\Programs\MiKTeX\tex/latex/graphics\trig.sty
Package: trig 2023/12/02 v1.11 sin cos tan (DPC)
) (C:\Users\andre\AppData\Local\Programs\MiKTeX\tex/latex/graphics-cfg\graphics.cfg
File: graphics.cfg 2016/06/04 v1.11 sample graphics configuration
)
Package graphics Info: Driver file: pdftex.def on input line 106.
 (C:\Users\andre\AppData\Local\Programs\MiKTeX\tex/latex/graphics-def\pdftex.def
File: pdftex.def 2024/04/13 v1.2c Graphics/color driver for pdftex
))
\Gin@req@height=\dimen149
\Gin@req@width=\dimen150
) (C:\Users\andre\AppData\Local\Programs\MiKTeX\tex/latex/enumitem\enumitem.sty
Package: enumitem 2025/02/06 v3.11 Customized lists
\labelindent=\skip51
\enit@outerparindent=\dimen151
\enit@toks=\toks20
\enit@inbox=\box53
\enit@count@id=\count283
\enitdp@description=\count284
) (C:\Users\andre\AppData\Local\Programs\MiKTeX\tex/latex/geometry\geometry.sty
Package: geometry 2020/01/02 v5.9 Page Geometry
 (C:\Users\andre\AppData\Local\Programs\MiKTeX\tex/generic/iftex\ifvtex.sty
Package: ifvtex 2019/10/25 v1.7 ifvtex legacy package. Use iftex instead.
 (C:\Users\andre\AppData\Local\Programs\MiKTeX\tex/generic/iftex\iftex.sty
Package: iftex 2024/12/12 v1.0g TeX engine tests
))
\Gm@cnth=\count285
\Gm@cntv=\count286
\c@Gm@tempcnt=\count287
\Gm@bindingoffset=\dimen152
\Gm@wd@mp=\dimen153
\Gm@odd@mp=\dimen154
\Gm@even@mp=\dimen155
\Gm@layoutwidth=\dimen156
\Gm@layoutheight=\dimen157
\Gm@layouthoffset=\dimen158
\Gm@layoutvoffset=\dimen159
\Gm@dimlist=\toks21
 (C:\Users\andre\AppData\Local\Programs\MiKTeX\tex/latex/geometry\geometry.cfg)) (C:\Users\andre\AppData\Local\Programs\MiKTeX\tex/latex/titling\titling.sty
Package: titling 2009/09/04 v2.1d maketitle typesetting
\thanksmarkwidth=\skip52
\thanksmargin=\skip53
\droptitle=\skip54
) (C:\Users\andre\AppData\Local\Programs\MiKTeX\tex/latex/parskip\parskip.sty
Package: parskip 2021-03-14 v2.0h non-zero parskip adjustments
 (C:\Users\andre\AppData\Local\Programs\MiKTeX\tex/latex/kvoptions\kvoptions.sty
Package: kvoptions 2022-06-15 v3.15 Key value format for package options (HO)
 (C:\Users\andre\AppData\Local\Programs\MiKTeX\tex/generic/ltxcmds\ltxcmds.sty
Package: ltxcmds 2023-12-04 v1.26 LaTeX kernel commands for general use (HO)
) (C:\Users\andre\AppData\Local\Programs\MiKTeX\tex/latex/kvsetkeys\kvsetkeys.sty
Package: kvsetkeys 2022-10-05 v1.19 Key value parser (HO)
)) (C:\Users\andre\AppData\Local\Programs\MiKTeX\tex/latex/etoolbox\etoolbox.sty
Package: etoolbox 2025/02/11 v2.5l e-TeX tools for LaTeX (JAW)
\etb@tempcnta=\count288
)) (C:\Users\andre\AppData\Local\Programs\MiKTeX\tex/latex/hyperref\hyperref.sty
Package: hyperref 2025-07-12 v7.01o Hypertext links for LaTeX
 (C:\Users\andre\AppData\Local\Programs\MiKTeX\tex/generic/kvdefinekeys\kvdefinekeys.sty
Package: kvdefinekeys 2019-12-19 v1.6 Define keys (HO)
) (C:\Users\andre\AppData\Local\Programs\MiKTeX\tex/generic/pdfescape\pdfescape.sty
Package: pdfescape 2019/12/09 v1.15 Implements pdfTeX's escape features (HO)
 (C:\Users\andre\AppData\Local\Programs\MiKTeX\tex/generic/pdftexcmds\pdftexcmds.sty
Package: pdftexcmds 2020-06-27 v0.33 Utility functions of pdfTeX for LuaTeX (HO)
 (C:\Users\andre\AppData\Local\Programs\MiKTeX\tex/generic/infwarerr\infwarerr.sty
Package: infwarerr 2019/12/03 v1.5 Providing info/warning/error messages (HO)
)
Package pdftexcmds Info: \pdf@primitive is available.
Package pdftexcmds Info: \pdf@ifprimitive is available.
Package pdftexcmds Info: \pdfdraftmode found.
)) (C:\Users\andre\AppData\Local\Programs\MiKTeX\tex/latex/hycolor\hycolor.sty
Package: hycolor 2020-01-27 v1.10 Color options for hyperref/bookmark (HO)
) (C:\Users\andre\AppData\Local\Programs\MiKTeX\tex/latex/hyperref\nameref.sty
Package: nameref 2025-06-21 v2.57 Cross-referencing by name of section
 (C:\Users\andre\AppData\Local\Programs\MiKTeX\tex/latex/refcount\refcount.sty
Package: refcount 2019/12/15 v3.6 Data extraction from label references (HO)
) (C:\Users\andre\AppData\Local\Programs\MiKTeX\tex/generic/gettitlestring\gettitlestring.sty
Package: gettitlestring 2019/12/15 v1.6 Cleanup title references (HO)
)
\c@section@level=\count289
) (C:\Users\andre\AppData\Local\Programs\MiKTeX\tex/generic/stringenc\stringenc.sty
Package: stringenc 2019/11/29 v1.12 Convert strings between diff. encodings (HO)
)
\@linkdim=\dimen160
\Hy@linkcounter=\count290
\Hy@pagecounter=\count291
 (C:\Users\andre\AppData\Local\Programs\MiKTeX\tex/latex/hyperref\pd1enc.def
File: pd1enc.def 2025-07-12 v7.01o Hyperref: PDFDocEncoding definition (HO)
Now handling font encoding PD1 ...
... no UTF-8 mapping file for font encoding PD1
) (C:\Users\andre\AppData\Local\Programs\MiKTeX\tex/generic/intcalc\intcalc.sty
Package: intcalc 2019/12/15 v1.3 Expandable calculations with integers (HO)
)
\Hy@SavedSpaceFactor=\count292
 (C:\Users\andre\AppData\Local\Programs\MiKTeX\tex/latex/hyperref\puenc.def
File: puenc.def 2025-07-12 v7.01o Hyperref: PDF Unicode definition (HO)
Now handling font encoding PU ...
... no UTF-8 mapping file for font encoding PU
)
Package hyperref Info: Option `colorlinks' set `true' on input line 4066.
Package hyperref Info: Hyper figures OFF on input line 4195.
Package hyperref Info: Link nesting OFF on input line 4200.
Package hyperref Info: Hyper index ON on input line 4203.
Package hyperref Info: Plain pages OFF on input line 4210.
Package hyperref Info: Backreferencing OFF on input line 4215.
Package hyperref Info: Implicit mode ON; LaTeX internals redefined.
Package hyperref Info: Bookmarks ON on input line 4462.
\c@Hy@tempcnt=\count293
 (C:\Users\andre\AppData\Local\Programs\MiKTeX\tex/latex/url\url.sty
\Urlmuskip=\muskip17
Package: url 2013/09/16  ver 3.4  Verb mode for urls, etc.
)
LaTeX Info: Redefining \url on input line 4801.
\XeTeXLinkMargin=\dimen161
 (C:\Users\andre\AppData\Local\Programs\MiKTeX\tex/generic/bitset\bitset.sty
Package: bitset 2019/12/09 v1.3 Handle bit-vector datatype (HO)
 (C:\Users\andre\AppData\Local\Programs\MiKTeX\tex/generic/bigintcalc\bigintcalc.sty
Package: bigintcalc 2019/12/15 v1.5 Expandable calculations on big integers (HO)
))
\Fld@menulength=\count294
\Field@Width=\dimen162
\Fld@charsize=\dimen163
Package hyperref Info: Hyper figures OFF on input line 6078.
Package hyperref Info: Link nesting OFF on input line 6083.
Package hyperref Info: Hyper index ON on input line 6086.
Package hyperref Info: backreferencing OFF on input line 6093.
Package hyperref Info: Link coloring ON on input line 6096.
Package hyperref Info: Link coloring with OCG OFF on input line 6103.
Package hyperref Info: PDF/A mode OFF on input line 6108.
\Hy@abspage=\count295
\c@Item=\count296
\c@Hfootnote=\count297
)
Package hyperref Info: Driver (autodetected): hpdftex.
 (C:\Users\andre\AppData\Local\Programs\MiKTeX\tex/latex/hyperref\hpdftex.def
File: hpdftex.def 2025-07-12 v7.01o Hyperref driver for pdfTeX
\Fld@listcount=\count298
\c@bookmark@seq@number=\count299
 (C:\Users\andre\AppData\Local\Programs\MiKTeX\tex/latex/rerunfilecheck\rerunfilecheck.sty
Package: rerunfilecheck 2025-06-21 v1.11 Rerun checks for auxiliary files (HO)
 (C:\Users\andre\AppData\Local\Programs\MiKTeX\tex/generic/uniquecounter\uniquecounter.sty
Package: uniquecounter 2019/12/15 v1.4 Provide unlimited unique counter (HO)
)
Package uniquecounter Info: New unique counter `rerunfilecheck' on input line 284.
)
\Hy@SectionHShift=\skip55
) (C:\Users\andre\AppData\Local\Programs\MiKTeX\tex/latex/tools\array.sty
Package: array 2025/06/08 v2.6j Tabular extension package (FMi)
\col@sep=\dimen164
\ar@mcellbox=\box54
\extrarowheight=\dimen165
\NC@list=\toks22
\extratabsurround=\skip56
\backup@length=\skip57
\ar@cellbox=\box55
) (C:\Users\andre\AppData\Local\Programs\MiKTeX\tex/latex/booktabs\booktabs.sty
Package: booktabs 2020/01/12 v1.61803398 Publication quality tables
\heavyrulewidth=\dimen166
\lightrulewidth=\dimen167
\cmidrulewidth=\dimen168
\belowrulesep=\dimen169
\belowbottomsep=\dimen170
\aboverulesep=\dimen171
\abovetopsep=\dimen172
\cmidrulesep=\dimen173
\cmidrulekern=\dimen174
\defaultaddspace=\dimen175
\@cmidla=\count300
\@cmidlb=\count301
\@aboverulesep=\dimen176
\@belowrulesep=\dimen177
\@thisruleclass=\count302
\@lastruleclass=\count303
\@thisrulewidth=\dimen178
) (C:\Users\andre\AppData\Local\Programs\MiKTeX\tex/latex/listings\listings.sty
\lst@mode=\count304
\lst@gtempboxa=\box56
\lst@token=\toks23
\lst@length=\count305
\lst@currlwidth=\dimen179
\lst@column=\count306
\lst@pos=\count307
\lst@lostspace=\dimen180
\lst@width=\dimen181
\lst@newlines=\count308
\lst@lineno=\count309
\lst@maxwidth=\dimen182
 (C:\Users\andre\AppData\Local\Programs\MiKTeX\tex/latex/listings\lstpatch.sty
File: lstpatch.sty 2024/09/23 1.10c (Carsten Heinz)
) (C:\Users\andre\AppData\Local\Programs\MiKTeX\tex/latex/listings\lstmisc.sty
File: lstmisc.sty 2024/09/23 1.10c (Carsten Heinz)
\c@lstnumber=\count310
\lst@skipnumbers=\count311
\lst@framebox=\box57
) (C:\Users\andre\AppData\Local\Programs\MiKTeX\tex/latex/listings\listings.cfg
File: listings.cfg 2024/09/23 1.10c listings configuration
))
Package: listings 2024/09/23 1.10c (Carsten Heinz)
 (C:\Users\andre\AppData\Local\Programs\MiKTeX\tex/latex/fancyvrb\fancyvrb.sty
Package: fancyvrb 2025/07/28 4.6 verbatim text (tvz,hv)
\FV@CodeLineNo=\count312
\FV@InFile=\read2
\FV@TabBox=\box58
\c@FancyVerbLine=\count313
\FV@StepNumber=\count314
\FV@OutFile=\write3
) (C:\Users\andre\AppData\Local\Programs\MiKTeX\tex/latex/xcolor\xcolor.sty
Package: xcolor 2024/09/29 v3.02 LaTeX color extensions (UK)
 (C:\Users\andre\AppData\Local\Programs\MiKTeX\tex/latex/graphics-cfg\color.cfg
File: color.cfg 2016/01/02 v1.6 sample color configuration
)
Package xcolor Info: Driver file: pdftex.def on input line 274.
 (C:\Users\andre\AppData\Local\Programs\MiKTeX\tex/latex/graphics\mathcolor.ltx)
Package xcolor Info: Model `cmy' substituted by `cmy0' on input line 1349.
Package xcolor Info: Model `hsb' substituted by `rgb' on input line 1353.
Package xcolor Info: Model `RGB' extended on input line 1365.
Package xcolor Info: Model `HTML' substituted by `rgb' on input line 1367.
Package xcolor Info: Model `Hsb' substituted by `hsb' on input line 1368.
Package xcolor Info: Model `tHsb' substituted by `hsb' on input line 1369.
Package xcolor Info: Model `HSB' substituted by `hsb' on input line 1370.
Package xcolor Info: Model `Gray' substituted by `gray' on input line 1371.
Package xcolor Info: Model `wave' substituted by `hsb' on input line 1372.
) (C:\Users\andre\AppData\Local\Programs\MiKTeX\tex/latex/colortbl\colortbl.sty
Package: colortbl 2024/10/29 v1.0k Color table columns (DPC)
\everycr=\toks24
\minrowclearance=\skip58
\rownum=\count315
) (C:\Users\andre\AppData\Local\Programs\MiKTeX\tex/latex/l3backend\l3backend-pdftex.def
File: l3backend-pdftex.def 2025-06-09 L3 backend support: PDF output (pdfTeX)
\l__color_backend_stack_int=\count316
) (documentacion1_4.aux)
\openout1 = `documentacion1_4.aux'.

LaTeX Font Info:    Checking defaults for OML/cmm/m/it on input line 40.
LaTeX Font Info:    ... okay on input line 40.
LaTeX Font Info:    Checking defaults for OMS/cmsy/m/n on input line 40.
LaTeX Font Info:    ... okay on input line 40.
LaTeX Font Info:    Checking defaults for OT1/cmr/m/n on input line 40.
LaTeX Font Info:    ... okay on input line 40.
LaTeX Font Info:    Checking defaults for T1/cmr/m/n on input line 40.
LaTeX Font Info:    ... okay on input line 40.
LaTeX Font Info:    Checking defaults for TS1/cmr/m/n on input line 40.
LaTeX Font Info:    ... okay on input line 40.
LaTeX Font Info:    Checking defaults for OMX/cmex/m/n on input line 40.
LaTeX Font Info:    ... okay on input line 40.
LaTeX Font Info:    Checking defaults for U/cmr/m/n on input line 40.
LaTeX Font Info:    ... okay on input line 40.
LaTeX Font Info:    Checking defaults for PD1/pdf/m/n on input line 40.
LaTeX Font Info:    ... okay on input line 40.
LaTeX Font Info:    Checking defaults for PU/pdf/m/n on input line 40.
LaTeX Font Info:    ... okay on input line 40.
 (C:\Users\andre\AppData\Local\Programs\MiKTeX\tex/context/base/mkii\supp-pdf.mkii
[Loading MPS to PDF converter (version 2006.09.02).]
\scratchcounter=\count317
\scratchdimen=\dimen183
\scratchbox=\box59
\nofMPsegments=\count318
\nofMParguments=\count319
\everyMPshowfont=\toks25
\MPscratchCnt=\count320
\MPscratchDim=\dimen184
\MPnumerator=\count321
\makeMPintoPDFobject=\count322
\everyMPtoPDFconversion=\toks26
) (C:\Users\andre\AppData\Local\Programs\MiKTeX\tex/latex/epstopdf-pkg\epstopdf-base.sty
Package: epstopdf-base 2020-01-24 v2.11 Base part for package epstopdf
Package epstopdf-base Info: Redefining graphics rule for `.eps' on input line 485.
 (C:\Users\andre\AppData\Local\Programs\MiKTeX\tex/latex/00miktex\epstopdf-sys.cfg
File: epstopdf-sys.cfg 2021/03/18 v2.0 Configuration of epstopdf for MiKTeX
))
*geometry* driver: auto-detecting
*geometry* detected driver: pdftex
*geometry* verbose mode - [ preamble ] result:
* driver: pdftex
* paper: a4paper
* layout: <same size as paper>
* layoutoffset:(h,v)=(0.0pt,0.0pt)
* modes: 
* h-part:(L,W,R)=(71.13188pt, 455.24411pt, 71.13188pt)
* v-part:(T,H,B)=(71.13188pt, 702.78308pt, 71.13188pt)
* \paperwidth=597.50787pt
* \paperheight=845.04684pt
* \textwidth=455.24411pt
* \textheight=702.78308pt
* \oddsidemargin=-1.1381pt
* \evensidemargin=-1.1381pt
* \topmargin=-38.1381pt
* \headheight=12.0pt
* \headsep=25.0pt
* \topskip=12.0pt
* \footskip=30.0pt
* \marginparwidth=35.0pt
* \marginparsep=10.0pt
* \columnsep=10.0pt
* \skip\footins=10.8pt plus 4.0pt minus 2.0pt
* \hoffset=0.0pt
* \voffset=0.0pt
* \mag=1000
* \@twocolumnfalse
* \@twosidefalse
* \@mparswitchfalse
* \@reversemarginfalse
* (1in=72.27pt=25.4mm, 1cm=28.453pt)

Package hyperref Info: Link coloring ON on input line 40.
(documentacion1_4.out) (documentacion1_4.out)
\@outlinefile=\write4
\openout4 = `documentacion1_4.out'.

\c@lstlisting=\count323
LaTeX Font Info:    External font `cmex10' loaded for size
(Font)              <14.4> on input line 43.
LaTeX Font Info:    External font `cmex10' loaded for size
(Font)              <7> on input line 43.


[1

{C:/Users/andre/AppData/Local/MiKTeX/fonts/map/pdftex/pdftex.map}]

[2] (C:\Users\andre\AppData\Local\Programs\MiKTeX\tex/latex/listings\lstlang1.sty
File: lstlang1.sty 2024/09/23 1.10c listings language file
)

[3]
<images/modulo1.png, id=135, 1444.64719pt x 228.855pt>
File: images/modulo1.png Graphic file (type png)
<use images/modulo1.png>
Package pdftex.def Info: images/modulo1.png  used on input line 164.
(pdftex.def)             Requested size: 413.09543pt x 65.44142pt.


[4 <./images/modulo1.png>]

[5]
<images/calendario3.png, id=220, 849.92531pt x 232.61906pt>
File: images/calendario3.png Graphic file (type png)
<use images/calendario3.png>
Package pdftex.def Info: images/calendario3.png  used on input line 282.
(pdftex.def)             Requested size: 415.83157pt x 113.81102pt.


[6]
<images/calendario1.png, id=266, 558.58687pt x 569.87906pt>
File: images/calendario1.png Graphic file (type png)
<use images/calendario1.png>
Package pdftex.def Info: images/calendario1.png  used on input line 287.
(pdftex.def)             Requested size: 278.88362pt x 284.52756pt.
<images/calendario2.png, id=267, 1329.46687pt x 602.25pt>
File: images/calendario2.png Graphic file (type png)
<use images/calendario2.png>
Package pdftex.def Info: images/calendario2.png  used on input line 292.
(pdftex.def)             Requested size: 376.85312pt x 170.71652pt.


[7 <./images/calendario3.png> <./images/calendario1.png> <./images/calendario2.png>]
<images/error1.png, id=276, 883.80188pt x 552.56438pt>
File: images/error1.png Graphic file (type png)
<use images/error1.png>
Package pdftex.def Info: images/error1.png  used on input line 302.
(pdftex.def)             Requested size: 364.06032pt x 227.62204pt.
<images/modulo21.png, id=277, 215.30438pt x 277.78781pt>
File: images/modulo21.png Graphic file (type png)
<use images/modulo21.png>
Package pdftex.def Info: images/modulo21.png  used on input line 311.
(pdftex.def)             Requested size: 143.34315pt x 184.9429pt.


[8 <./images/error1.png> <./images/modulo21.png>]
<images/modulo22.png, id=284, 341.02406pt x 95.6072pt>
File: images/modulo22.png Graphic file (type png)
<use images/modulo22.png>
Package pdftex.def Info: images/modulo22.png  used on input line 317.
(pdftex.def)             Requested size: 405.97456pt x 113.81102pt.
<images/modulo23.png, id=285, 679.03688pt x 239.39438pt>
File: images/modulo23.png Graphic file (type png)
<use images/modulo23.png>
Package pdftex.def Info: images/modulo23.png  used on input line 323.
(pdftex.def)             Requested size: 484.23325pt x 170.71652pt.

Overfull \hbox (28.98914pt too wide) in paragraph at lines 323--324
 [] 
 []



[9 <./images/modulo22.png> <./images/modulo23.png>]
Overfull \hbox (1.3888pt too wide) in paragraph at lines 357--358
[]\T1/cmr/m/n/12 Ahora en el archivo "init" de la car-peta mod-els, im-por-ta-mos el nuevo archivo que acabamos
 []



[10]

[11]
<images/modulo24.png, id=413, 342.5297pt x 114.4275pt>
File: images/modulo24.png Graphic file (type png)
<use images/modulo24.png>
Package pdftex.def Info: images/modulo24.png  used on input line 474.
(pdftex.def)             Requested size: 255.52205pt x 85.35826pt.
<images/modulo25.png, id=414, 710.655pt x 243.91125pt>
File: images/modulo25.png Graphic file (type png)
<use images/modulo25.png>
Package pdftex.def Info: images/modulo25.png  used on input line 480.
(pdftex.def)             Requested size: 414.50073pt x 142.26378pt.
<images/modulo26.png, id=415, 450.9347pt x 256.70906pt>
File: images/modulo26.png Graphic file (type png)
<use images/modulo26.png>
Package pdftex.def Info: images/modulo26.png  used on input line 486.
(pdftex.def)             Requested size: 249.90016pt x 142.26378pt.
<images/modulo27.png, id=416, 639.13782pt x 171.64125pt>
File: images/modulo27.png Graphic file (type png)
<use images/modulo27.png>
Package pdftex.def Info: images/modulo27.png  used on input line 492.
(pdftex.def)             Requested size: 423.79251pt x 113.81102pt.


[12 <./images/modulo24.png> <./images/modulo25.png> <./images/modulo26.png>]
<images/error2.png, id=431, 732.48656pt x 520.19344pt>
File: images/error2.png Graphic file (type png)
<use images/error2.png>
Package pdftex.def Info: images/error2.png  used on input line 506.
(pdftex.def)             Requested size: 360.57571pt x 256.0748pt.


[13 <./images/modulo27.png> <./images/error2.png>]

[14]

[15]

[16]
<images/modulo28.png, id=589, 746.03719pt x 398.99063pt>
File: images/modulo28.png Graphic file (type png)
<use images/modulo28.png>
Package pdftex.def Info: images/modulo28.png  used on input line 689.
(pdftex.def)             Requested size: 452.21335pt x 241.84842pt.
<images/modulo29.png, id=590, 645.91313pt x 443.40656pt>
File: images/modulo29.png Graphic file (type png)
<use images/modulo29.png>
Package pdftex.def Info: images/modulo29.png  used on input line 696.
(pdftex.def)             Requested size: 352.30643pt x 241.84842pt.


[17 <./images/modulo28.png> <./images/modulo29.png>]
<images/modulo291.png, id=600, 763.35187pt x 319.1925pt>
File: images/modulo291.png Graphic file (type png)
<use images/modulo291.png>
Package pdftex.def Info: images/modulo291.png  used on input line 703.
(pdftex.def)             Requested size: 442.29013pt x 184.9429pt.


[18 <./images/modulo291.png>]

[19]

[20]
<images/modulo30.png, id=730, 261.97874pt x 99.37125pt>
File: images/modulo30.png Graphic file (type png)
<use images/modulo30.png>
Package pdftex.def Info: images/modulo30.png  used on input line 899.
(pdftex.def)             Requested size: 225.04149pt x 85.35826pt.


[21]
<images/modulo31.png, id=768, 697.8572pt x 183.68625pt>
File: images/modulo31.png Graphic file (type png)
<use images/modulo31.png>
Package pdftex.def Info: images/modulo31.png  used on input line 905.
(pdftex.def)             Requested size: 432.40077pt x 113.81102pt.
<images/modelo32.png, id=769, 345.54094pt x 251.43938pt>
File: images/modelo32.png Graphic file (type png)
<use images/modelo32.png>
Package pdftex.def Info: images/modelo32.png  used on input line 910.
(pdftex.def)             Requested size: 234.60619pt x 170.71652pt.
<images/modelo33.png, id=770, 603.75563pt x 200.24812pt>
File: images/modelo33.png Graphic file (type png)
<use images/modelo33.png>
Package pdftex.def Info: images/modelo33.png  used on input line 916.
(pdftex.def)             Requested size: 428.95508pt x 142.26378pt.


[22 <./images/modulo30.png> <./images/modulo31.png> <./images/modelo32.png> <./images/modelo33.png>]

[23]

[24]
<images/modulo34.png, id=887, 413.29407pt x 261.22594pt>
File: images/modulo34.png Graphic file (type png)
<use images/modulo34.png>
Package pdftex.def Info: images/modulo34.png  used on input line 1064.
(pdftex.def)             Requested size: 270.10103pt x 170.71652pt.
<images/modulo35.png, id=888, 624.08156pt x 170.13562pt>
File: images/modulo35.png Graphic file (type png)
<use images/modulo35.png>
Package pdftex.def Info: images/modulo35.png  used on input line 1069.
(pdftex.def)             Requested size: 417.4754pt x 113.81102pt.


[25 <./images/modulo34.png> <./images/modulo35.png>]

[26]
<images/modulo36.png, id=955, 677.53125pt x 155.07938pt>
File: images/modulo36.png Graphic file (type png)
<use images/modulo36.png>
Package pdftex.def Info: images/modulo36.png  used on input line 1167.
(pdftex.def)             Requested size: 435.07622pt x 99.58464pt.
<images/modulo37.png, id=956, 716.6775pt x 216.81pt>
File: images/modulo37.png Graphic file (type png)
<use images/modulo37.png>
Package pdftex.def Info: images/modulo37.png  used on input line 1173.
(pdftex.def)             Requested size: 376.20665pt x 113.81102pt.


[27 <./images/modulo36.png>]
<images/modulo38.png, id=998, 637.63219pt x 213.04594pt>
File: images/modulo38.png Graphic file (type png)
<use images/modulo38.png>
Package pdftex.def Info: images/modulo38.png  used on input line 1180.
(pdftex.def)             Requested size: 425.8103pt x 142.26378pt.


[28 <./images/modulo37.png> <./images/modulo38.png>] (documentacion1_4.aux)
 ***********
LaTeX2e <2025-06-01> patch level 1
L3 programming layer <2025-09-02>
 ***********
Package rerunfilecheck Info: File `documentacion1_4.out' has not changed.
(rerunfilecheck)             Checksum: 3750F995E8B8ED55C82289F26AB79C2B;3018.
 ) 
Here is how much of TeX's memory you used:
 13679 strings out of 468130
 210817 string characters out of 5430633
 1191001 words of memory out of 5000000
 41369 multiletter control sequences out of 15000+600000
 636225 words of font info for 57 fonts, out of 8000000 for 9000
 1141 hyphenation exceptions out of 8191
 69i,7n,79p,676b,2131s stack positions out of 10000i,1000n,20000p,200000b,200000s
 <C:\Users\andre\AppData\Local\MiKTeX\fonts/pk/ljfour/jknappen/ec/dpi600\ecbx1200.pk> <C:\Users\andre\AppData\Local\MiKTeX\fonts/pk/ljfour/jknappen/ec/dpi600\tctt1000.pk> <C:\Users\andre\AppData\Local\MiKTeX\fonts/pk/ljfour/jknappen/ec/dpi600\ectt1000.pk> <C:\Users\andre\AppData\Local\MiKTeX\fonts/pk/ljfour/jknappen/ec/dpi600\ecrm0600.pk> <C:\Users\andre\AppData\Local\MiKTeX\fonts/pk/ljfour/jknappen/ec/dpi600\ecbx1440.pk> <C:\Users\andre\AppData\Local\MiKTeX\fonts/pk/ljfour/jknappen/ec/dpi600\tcrm1200.pk> <C:\Users\andre\AppData\Local\MiKTeX\fonts/pk/ljfour/jknappen/ec/dpi600\ecrm1200.pk> <C:\Users\andre\AppData\Local\MiKTeX\fonts/pk/ljfour/jknappen/ec/dpi600\ecbx1728.pk> <C:\Users\andre\AppData\Local\MiKTeX\fonts/pk/ljfour/jknappen/ec/dpi600\ecrm1440.pk> <C:\Users\andre\AppData\Local\MiKTeX\fonts/pk/ljfour/jknappen/ec/dpi600\ecrm2074.pk>
Output written on documentacion1_4.pdf (28 pages, 663857 bytes).
PDF statistics:
 1489 PDF objects out of 1728 (max. 8388607)
 799 named destinations out of 1000 (max. 500000)
 270 words of extra memory for PDF output out of 10000 (max. 10000000)

